// Vitest Snapshot v1, https://vitest.dev/guide/snapshot.html

exports[`atom1 > snapshot 1`] = `
"<?xml version="1.0" encoding="utf-8"?>
<?xml-stylesheet type="text/xsl" href="http://example.com/stylesheet.xsl"?>
<feed xml:lang="en-US" xmlns="http://www.w3.org/2005/Atom" xmlns:media="http://search.yahoo.com/mrss/">
  <title>Feed Title</title>
  <subtitle>This is my personnal feed!</subtitle>
  <id>http://example.com/</id>
  <updated>2019-09-30T11:45:14.000Z</updated>
  <generator>https://example.com/generator</generator>
  <logo>http://example.com/image.png</logo>
  <icon>http://example.com/image.ico</icon>
  <rights>Copyright Â© 2025 KazariEX</rights>
  <link rel="alternate" href="http://example.com/"></link>
  <link rel="self" href="http://example.com/feed"></link>
  <link rel="hub" href="wss://example.com/hub"></link>
  <author>
    <name>KazariEX</name>
    <email>kazariex@example.com</email>
    <uri>https://example.com/kazariex</uri>
  </author>
  <contributor>
    <name>Mimori</name>
    <email>mimori@example.com</email>
    <uri>https://example.com/mimori</uri>
  </contributor>
  <category term="Anime"></category>
  <category term="Novel"></category>
  <entry>
    <title type="html">
      <![CDATA[Hello World]]>
    </title>
    <id>https://example.com/hello-world?id=this&amp;that=true</id>
    <link href="https://example.com/hello-world"></link>
    <link rel="enclosure" href="https://example.com/hello-world.jpg" type="image/jpg" length="65535"></link>
    <link rel="enclosure" href="https://example.com/hello-world.jpg" type="image/jpg"></link>
    <updated>2019-09-30T11:45:14.000Z</updated>
    <published>2019-07-19T11:45:14.000Z</published>
    <summary type="html">
      <![CDATA[This is an article about Hello World.]]>
    </summary>
    <category label="Category One"></category>
    <category label="Category Two"></category>
    <content type="html">
      <![CDATA[Content of the item.]]>
    </content>
    <author>
      <name>Mimori</name>
      <email>mimori@example.com</email>
      <uri>https://example.com/mimori</uri>
    </author>
    <author>
      <name>Yamabuki</name>
      <email>yamabuki@example.com</email>
      <uri>https://example.com/yamabuki</uri>
    </author>
    <author>
      <name>Yamabuki, Name Only</name>
    </author>
    <contributor>
      <name>Kumoyo</name>
      <email>kumoyo@example.com</email>
      <uri>https://example.com/kumoyo</uri>
    </contributor>
    <contributor>
      <name>Moriya</name>
      <email>moriya@example.com</email>
      <uri>https://example.com/moriya</uri>
    </contributor>
    <extension:1>
      <about>just an item extension example</about>
      <dummy>example</dummy>
    </extension:1>
    <extension:2>
      <about>just a second item extension example</about>
      <dummy>example</dummy>
    </extension:2>
  </entry>
  <extension>
    <about>just an extension example</about>
    <dummy>example</dummy>
  </extension>
</feed>
"
`;
