// Vitest Snapshot v1, https://vitest.dev/guide/snapshot.html

exports[`rss2 > snapshot 1`] = `
"<?xml version="1.0" encoding="utf-8"?>
<?xml-stylesheet type="text/xsl" href="http://example.com/stylesheet.xsl"?>
<rss version="2.0" xml:lang="en-US" xmlns:media="http://search.yahoo.com/mrss/" xmlns:atom="http://www.w3.org/2005/Atom" xmlns:dc="http://purl.org/dc/elements/1.1/" xmlns:content="http://purl.org/rss/1.0/modules/content/">
  <channel>
    <title>Feed Title</title>
    <description>This is my personnal feed!</description>
    <link>http://example.com/</link>
    <lastBuildDate>Mon, 30 Sep 2019 11:45:14 GMT</lastBuildDate>
    <category>Anime</category>
    <category>Novel</category>
    <docs>https://validator.w3.org/feed/docs/rss2.html</docs>
    <generator>https://example.com/generator</generator>
    <language>en-US</language>
    <ttl>60</ttl>
    <image>
      <title>Feed Title</title>
      <url>http://example.com/image.png</url>
      <link>http://example.com/</link>
    </image>
    <copyright>Copyright Â© 2025 KazariEX</copyright>
    <atom:link href="http://example.com/feed" rel="self" type="application/rss+xml"></atom:link>
    <atom:link href="wss://example.com/hub" rel="hub"></atom:link>
    <item>
      <title>Hello World</title>
      <guid isPermaLink="false">https://example.com/hello-world?id=this&amp;that=true</guid>
      <link>https://example.com/hello-world</link>
      <pubDate>Fri, 19 Jul 2019 11:45:14 GMT</pubDate>
      <description>
        <![CDATA[This is an article about Hello World.]]>
      </description>
      <category>Category One</category>
      <category domain="http://example.com/category">Category Two</category>
      <content:encoded>
        <![CDATA[Content of the item.]]>
      </content:encoded>
      <author>mimori@example.com (Mimori)</author>
      <author>yamabuki@example.com (Yamabuki)</author>
      <enclosure url="https://example.com/hello-world.jpg" length="0" type="image/jpg"></enclosure>
      <extension:1>
        <about>just an item extension example</about>
        <dummy>example</dummy>
      </extension:1>
      <extension:2>
        <about>just a second item extension example</about>
        <dummy>example</dummy>
      </extension:2>
    </item>
  </channel>
  <extension>
    <about>just an extension example</about>
    <dummy>example</dummy>
  </extension>
</rss>
"
`;
